// Jest Snapshot v1, https://goo.gl/fbAQLP

exports[`StoreReviewChecker tests should render correctly 1`] = `<View />`;
